// Jest Snapshot v1, https://goo.gl/fbAQLP

exports[`Test Logo component Test render Logo component 1`] = `
<div>
  <a
    aria-current="page"
    className="active"
    href="/"
    onClick={[Function]}
    style={Object {}}
  >
    <span>
      <span>
        Inno
      </span>
      <span>
        Metrics
      </span>
    </span>
  </a>
</div>
`;

exports[`Test Menu component Test render menu with 'MyPage' when authenticated 1`] = `
<nav>
  <div>
    <a
      aria-current={null}
      href="/dashboard"
      onClick={[Function]}
    >
      MyPage
    </a>
  </div>
</nav>
`;

exports[`Test Menu component Test render menu without 'MyPage' when not authenticated 1`] = `<nav />`;
