// Jest Snapshot v1, https://goo.gl/fbAQLP

exports[`Test LandingPage component Test render LandingPage component 1`] = `
<div>
  <div>
    <div>
      <h1>
        Analyze your activity
      </h1>
      <h1>
        and 
      </h1>
      <h1>
        Improve Productivity
      </h1>
      <button
        disabled={false}
        style={Object {}}
      >
        Get Started
      </button>
    </div>
  </div>
  <div>
    <h2>
      Download links
    </h2>
    <p>
      Coming soon...
    </p>
  </div>
</div>
`;
