// Jest Snapshot v1, https://goo.gl/fbAQLP

exports[`Test Header component Test render Header component 1`] = `
<header>
  <div
    onClick={[Function]}
  >
    <div>
      <span>
        <span>
          Inno
        </span>
        <span>
          Metrics
        </span>
      </span>
    </div>
  </div>
  <nav />
  <div>
    <div
      onClick={[Function]}
    >
      Login
    </div>
    <span
      style={
        Object {
          "padding": "0 5px 0 5px",
        }
      }
    >
       or 
    </span>
    <div
      onClick={[Function]}
    >
      Register
    </div>
  </div>
</header>
`;
