// Jest Snapshot v1, https://goo.gl/fbAQLP

exports[`Test ChartView component Test shallow render ChartView component 1`] = `
<Connect(ChartView)
  activities={
    Array [
      Object {
        "_id": "5bd1aa255f627d1a8324f9d0",
        "browser_title": "",
        "browser_url": "",
        "end_time": "2018-10-25 11:28:59",
        "executable_name": "file:///Users/<username>/Library/Developer/Xcode/DerivedData/InnometricsTransfer-ftpzsieukjkaktfvhcxnjxjwyjwi/Build/Products/Debug/InnometricsTransfer.app/Contents/MacOS/InnometricsTransfer",
        "ip_address": "192.168.1.253",
        "mac_address": "34:36:3b:c4:85:70",
        "start_time": "2018-10-25 11:29:33",
        "user": "5bbe21f95f627d8c7a5754ac",
      },
      Object {
        "_id": "5bd1aa255f627d1a8324f9c8",
        "browser_title": "",
        "browser_url": "",
        "end_time": "2018-10-25 11:33:47",
        "executable_name": "file:///Users/<username>/Library/Developer/Xcode/DerivedData/InnometricsTransfer-ftpzsieukjkaktfvhcxnjxjwyjwi/Build/Products/Debug/InnometricsTransfer.app/Contents/MacOS/InnometricsTransfer",
        "ip_address": "192.168.1.253",
        "mac_address": "34:36:3b:c4:85:70",
        "start_time": "2018-10-25 11:33:50",
        "user": "5bbe21f95f627d8c7a5754ac",
      },
      Object {
        "_id": "5bd1aa255f627d1a8324f9c7",
        "browser_title": "",
        "browser_url": "",
        "end_time": "2018-10-25 11:33:50",
        "executable_name": "file:///Applications/Xcode.app/Contents/MacOS/Xcode",
        "ip_address": "192.168.1.253",
        "mac_address": "34:36:3b:c4:85:70",
        "start_time": "2018-10-25 11:35:11",
        "user": "5bbe21f95f627d8c7a5754ac",
      },
      Object {
        "_id": "5bd1aa255f627d1a8324f9ca",
        "browser_title": "",
        "browser_url": "",
        "end_time": "2018-10-25 11:33:40",
        "executable_name": "file:///Users/<username>/Library/Developer/Xcode/DerivedData/InnometricsTransfer-ftpzsieukjkaktfvhcxnjxjwyjwi/Build/Products/Debug/InnometricsTransfer.app/Contents/MacOS/InnometricsTransfer",
        "ip_address": "192.168.1.253",
        "mac_address": "34:36:3b:c4:85:70",
        "start_time": "2018-10-25 11:33:45",
        "user": "5bbe21f95f627d8c7a5754ac",
      },
      Object {
        "_id": "5bd1aa255f627d1a8324f9cd",
        "browser_title": "",
        "browser_url": "",
        "end_time": "2018-10-25 11:29:54",
        "executable_name": "file:///Applications/Safari.app/Contents/MacOS/Safari",
        "ip_address": "192.168.1.253",
        "mac_address": "34:36:3b:c4:85:70",
        "start_time": "2018-10-25 11:29:56",
        "user": "5bbe21f95f627d8c7a5754ac",
      },
      Object {
        "_id": "5bd1aa255f627d1a8324f9ce",
        "browser_title": "",
        "browser_url": "",
        "end_time": "2018-10-25 11:29:45",
        "executable_name": "file:///Users/<username>/Library/Developer/Xcode/DerivedData/InnometricsTransfer-ftpzsieukjkaktfvhcxnjxjwyjwi/Build/Products/Debug/InnometricsTransfer.app/Contents/MacOS/InnometricsTransfer",
        "ip_address": "192.168.1.253",
        "mac_address": "34:36:3b:c4:85:70",
        "start_time": "2018-10-25 11:29:54",
        "user": "5bbe21f95f627d8c7a5754ac",
      },
      Object {
        "_id": "5bd1aa255f627d1a8324f9cf",
        "browser_title": "",
        "browser_url": "",
        "end_time": "2018-10-25 11:29:33",
        "executable_name": "file:///Applications/Safari.app/Contents/MacOS/Safari",
        "ip_address": "192.168.1.253",
        "mac_address": "34:36:3b:c4:85:70",
        "start_time": "2018-10-25 11:29:45",
        "user": "5bbe21f95f627d8c7a5754ac",
      },
      Object {
        "_id": "5bd1aa255f627d1a8324f9cc",
        "browser_title": "",
        "browser_url": "",
        "end_time": "2018-10-25 11:29:56",
        "executable_name": "file:///Applications/PyCharm.app/Contents/MacOS/pycharm",
        "ip_address": "192.168.1.253",
        "mac_address": "34:36:3b:c4:85:70",
        "start_time": "2018-10-25 11:30:00",
        "user": "5bbe21f95f627d8c7a5754ac",
      },
      Object {
        "_id": "5bd1aa255f627d1a8324f9cb",
        "browser_title": "",
        "browser_url": "",
        "end_time": "2018-10-25 11:30:00",
        "executable_name": "file:///Applications/Telegram.app/Contents/MacOS/Telegram",
        "ip_address": "192.168.1.253",
        "mac_address": "34:36:3b:c4:85:70",
        "start_time": "2018-10-25 11:33:40",
        "user": "5bbe21f95f627d8c7a5754ac",
      },
      Object {
        "_id": "5bd1aa255f627d1a8324f9c9",
        "browser_title": "",
        "browser_url": "",
        "end_time": "2018-10-25 11:33:45",
        "executable_name": "file:///Applications/Xcode.app/Contents/MacOS/Xcode",
        "ip_address": "192.168.1.253",
        "mac_address": "34:36:3b:c4:85:70",
        "start_time": "2018-10-25 11:33:47",
        "user": "5bbe21f95f627d8c7a5754ac",
      },
    ]
  }
/>
`;
