// Jest Snapshot v1, https://goo.gl/fbAQLP

exports[`Test TableView component Test render TableView component 1`] = `
<div>
  <table>
    <thead>
      <tr>
        <th>
          Start time
        </th>
        <th>
          End time
        </th>
        <th>
          File name
        </th>
      </tr>
    </thead>
    <tbody>
      <tr>
        <td>
          2018-10-25 11:29:33
        </td>
        <td>
          2018-10-25 11:28:59
        </td>
        <td
          title="file:///Users/<username>/Library/Developer/Xcode/DerivedData/InnometricsTransfer-ftpzsieukjkaktfvhcxnjxjwyjwi/Build/Products/Debug/InnometricsTransfer.app/Contents/MacOS/InnometricsTransfer"
        >
          file:///Users/&lt;username&gt;/Library/Developer/Xcode/DerivedData/InnometricsTransfer-ftpzsieukjkaktfvhcxnjxjwyjwi/Build/Products/Debug/InnometricsTransfer.app/Contents/MacOS/InnometricsTransfer
        </td>
      </tr>
      <tr>
        <td>
          2018-10-25 11:33:50
        </td>
        <td>
          2018-10-25 11:33:47
        </td>
        <td
          title="file:///Users/<username>/Library/Developer/Xcode/DerivedData/InnometricsTransfer-ftpzsieukjkaktfvhcxnjxjwyjwi/Build/Products/Debug/InnometricsTransfer.app/Contents/MacOS/InnometricsTransfer"
        >
          file:///Users/&lt;username&gt;/Library/Developer/Xcode/DerivedData/InnometricsTransfer-ftpzsieukjkaktfvhcxnjxjwyjwi/Build/Products/Debug/InnometricsTransfer.app/Contents/MacOS/InnometricsTransfer
        </td>
      </tr>
      <tr>
        <td>
          2018-10-25 11:35:11
        </td>
        <td>
          2018-10-25 11:33:50
        </td>
        <td
          title="file:///Applications/Xcode.app/Contents/MacOS/Xcode"
        >
          file:///Applications/Xcode.app/Contents/MacOS/Xcode
        </td>
      </tr>
      <tr>
        <td>
          2018-10-25 11:33:45
        </td>
        <td>
          2018-10-25 11:33:40
        </td>
        <td
          title="file:///Users/<username>/Library/Developer/Xcode/DerivedData/InnometricsTransfer-ftpzsieukjkaktfvhcxnjxjwyjwi/Build/Products/Debug/InnometricsTransfer.app/Contents/MacOS/InnometricsTransfer"
        >
          file:///Users/&lt;username&gt;/Library/Developer/Xcode/DerivedData/InnometricsTransfer-ftpzsieukjkaktfvhcxnjxjwyjwi/Build/Products/Debug/InnometricsTransfer.app/Contents/MacOS/InnometricsTransfer
        </td>
      </tr>
      <tr>
        <td>
          2018-10-25 11:29:56
        </td>
        <td>
          2018-10-25 11:29:54
        </td>
        <td
          title="file:///Applications/Safari.app/Contents/MacOS/Safari"
        >
          file:///Applications/Safari.app/Contents/MacOS/Safari
        </td>
      </tr>
      <tr>
        <td>
          2018-10-25 11:29:54
        </td>
        <td>
          2018-10-25 11:29:45
        </td>
        <td
          title="file:///Users/<username>/Library/Developer/Xcode/DerivedData/InnometricsTransfer-ftpzsieukjkaktfvhcxnjxjwyjwi/Build/Products/Debug/InnometricsTransfer.app/Contents/MacOS/InnometricsTransfer"
        >
          file:///Users/&lt;username&gt;/Library/Developer/Xcode/DerivedData/InnometricsTransfer-ftpzsieukjkaktfvhcxnjxjwyjwi/Build/Products/Debug/InnometricsTransfer.app/Contents/MacOS/InnometricsTransfer
        </td>
      </tr>
      <tr>
        <td>
          2018-10-25 11:29:45
        </td>
        <td>
          2018-10-25 11:29:33
        </td>
        <td
          title="file:///Applications/Safari.app/Contents/MacOS/Safari"
        >
          file:///Applications/Safari.app/Contents/MacOS/Safari
        </td>
      </tr>
      <tr>
        <td>
          2018-10-25 11:30:00
        </td>
        <td>
          2018-10-25 11:29:56
        </td>
        <td
          title="file:///Applications/PyCharm.app/Contents/MacOS/pycharm"
        >
          file:///Applications/PyCharm.app/Contents/MacOS/pycharm
        </td>
      </tr>
      <tr>
        <td>
          2018-10-25 11:33:40
        </td>
        <td>
          2018-10-25 11:30:00
        </td>
        <td
          title="file:///Applications/Telegram.app/Contents/MacOS/Telegram"
        >
          file:///Applications/Telegram.app/Contents/MacOS/Telegram
        </td>
      </tr>
      <tr>
        <td>
          2018-10-25 11:33:47
        </td>
        <td>
          2018-10-25 11:33:45
        </td>
        <td
          title="file:///Applications/Xcode.app/Contents/MacOS/Xcode"
        >
          file:///Applications/Xcode.app/Contents/MacOS/Xcode
        </td>
      </tr>
    </tbody>
  </table>
</div>
`;
