// Jest Snapshot v1, https://goo.gl/fbAQLP

exports[`Test ProjectsListPage component Test render ProjectsListPage component 1`] = `
<div>
  <h1>
    Projects
  </h1>
  <div>
    <div
      onClick={[Function]}
    >
      proj 1
    </div>
    <div
      onClick={[Function]}
    >
      proj 2
    </div>
    <div
      onClick={[Function]}
    >
      proj 3
    </div>
  </div>
</div>
`;
